// Vitest Snapshot v1, https://vitest.dev/guide/snapshot.html

exports[`MyAwesomeApp > Should to match snapshot 1`] = `
<div>
  <div>
    <h1
      data-testid="first-name-title"
    >
       
      Victor
       
    </h1>
    <h3>
       
      Gracia Magallon
       
    </h3>
    <p
      class="mi-clase-favorita"
    >
      Elden Ring, Smash, Metal Gear
    </p>
    <p>
      4
    </p>
    <h1>
      No activo
    </h1>
    <p
      style="background-color: rgb(250, 250, 250); border-radius: 20px; padding: 10px; margin-top: 30px;"
    >
      {"zipCode":"ABC-123","country":"Canadá"}
    </p>
  </div>
</div>
`;
